// Jest Snapshot v1, https://goo.gl/fbAQLP

exports[`renders wrapper element and all children 1`] = `
<div>
  <main
    class="wrapper"
  >
    <div>
      Test child 1
    </div>
    <div>
      Test child 2
    </div>
  </main>
</div>
`;
